// Jest Snapshot v1, https://goo.gl/fbAQLP

exports[`SmileyDiv matches snapshot 1`] = `
<div>
  <div
    className="sc-bdVaJa umbhF"
    label="Terrible"
    onClick={[Function]}
    selected={true}
  />
  <div
    className="sc-bdVaJa bFZOOV"
    label="Bad"
    onClick={[Function]}
    selected={true}
  />
  <div
    className="sc-bdVaJa cTiKXF"
    label="Okay"
    onClick={[Function]}
    selected={true}
  />
  <div
    className="sc-bdVaJa bzzYYj"
    label="Good"
    onClick={[Function]}
    selected={true}
  />
  <div
    className="sc-bdVaJa hisWMa"
    label="Great"
    onClick={[Function]}
    selected={true}
  />
  <div
    className="sc-bdVaJa guAvVn"
    label="Terrible"
    onClick={[Function]}
    selected={false}
  />
  <div
    className="sc-bdVaJa HaxaG"
    label="Bad"
    onClick={[Function]}
    selected={false}
  />
  <div
    className="sc-bdVaJa dWFDNu"
    label="Okay"
    onClick={[Function]}
    selected={false}
  />
  <div
    className="sc-bdVaJa ivPrKb"
    label="Good"
    onClick={[Function]}
    selected={false}
  />
  <div
    className="sc-bdVaJa rZrGd"
    label="Great"
    onClick={[Function]}
    selected={false}
  />
</div>
`;
